// Jest Snapshot v1, https://goo.gl/fbAQLP

exports[`ScheduleBuilder Renders without error 1`] = `
<div>
  <HourScheduleBuilder
    frequencyType="hour"
    onChangeFrequencyType={[Function]}
    onScheduleChange={[MockFunction]}
  />
</div>
`;
